<testsuites id="" name="" tests="2" failures="0" skipped="0" errors="0" time="10.633773999999999">
<testsuite name="parallel_prof.spec.js" timestamp="2026-07-07T12:44:24.722Z" hostname="parallel-demo" tests="2" failures="0" skipped="0" time="6.032" errors="0">
<testcase name="Step 1 — add backpack to cart" classname="parallel_prof.spec.js" time="0.599">
<system-out>
<![CDATA[Step 1 done — backpack added
]]>
</system-out>
</testcase>
<testcase name="Step 2 — verify cart has 1 item (depends on Step 1)" classname="parallel_prof.spec.js" time="5.433">
<system-out>
<![CDATA[Step 2 done — cart verified
]]>
</system-out>
</testcase>
</testsuite>
</testsuites>